// Jest Snapshot v1, https://goo.gl/fbAQLP

exports[`renders 1`] = `
<styled.div>
  You have no any cities. Please add one using form below.
</styled.div>
`;
